{
	"glob": {
		"**": {
			"description": "all files",
			"pattern": "**"
		},
		"readme.md": {
			"description": "all readme files",
			"pattern": "**/readme.md"
		},
		"**/*.sql": {
			"description": "all sql files",
			"pattern": "**/*.sql"
		}
	}
}