glob_pattern:
	"**":
		description: all files
		pattern: **
	"readme.md":
		description: all readme files
		pattern: **/readme.md
	"**/*.sql":
		description: all sql files
		pattern: **/*.sql
windows:
	"c:\\":
		type: drive
	"d:\\":
		type: drive
	"d:\\temp\\":
		type: folder