[[1, 2, 3], [4, 5, 6], [7, 8, 9], [[1, 2, 3], [4, 5, 6]], [{
	"a": 1,
	"b": 2
}, {
	"c": 3,
	"d": 4
}], {
	"a": [1, 2, 3],
	"b": [4, 5, 6],
	"c": [7, 8, 9]
}]